<?xml version="1.0" encoding="utf-8"?><testsuites name="pytest tests"><testsuite name="pytest" errors="0" failures="0" skipped="0" tests="4" time="1.630" timestamp="2025-08-20T11:10:12.946382-05:00" hostname="swift"><testcase classname="tests.test_django_fingerprinting_middleware.test_middleware" name="test_fingerprint_added_to_request" time="0.004" /><testcase classname="tests.test_django_fingerprinting_middleware.test_middleware" name="test_fingerprint_is_consistent_for_same_request" time="0.002" /><testcase classname="tests.test_django_fingerprinting_middleware.test_middleware" name="test_fingerprint_changes_for_different_user_agents" time="0.003" /><testcase classname="tests.test_django_fingerprinting_middleware.test_middleware" name="test_fingerprint_handles_missing_headers" time="0.001" /></testsuite></testsuites>
